// Jest Snapshot v1, https://goo.gl/fbAQLP

exports[`Heading one should render correctly 1`] = `
<h1
  className="heading-one"
>
  abc
</h1>
`;
