// Jest Snapshot v1, https://goo.gl/fbAQLP

exports[`Renders correctly 1`] = `
<div
  className="image"
>
  <img
    alt="A helpful description of this image."
    className="image__tag"
    src="/"
  />
</div>
`;
