// Jest Snapshot v1, https://goo.gl/fbAQLP

exports[`Renders correctly 1`] = `
<input
  className="checkbox"
  id="abc"
  name="abc"
  type="checkbox"
  value="abc"
/>
`;
