// Jest Snapshot v1, https://goo.gl/fbAQLP

exports[`Renders correctly 1`] = `
<label
  className="label"
>
  Label text
</label>
`;
