// Jest Snapshot v1, https://goo.gl/fbAQLP

exports[`Heading one should render correctly 1`] = `
<h6
  className="heading-six"
>
  abc
</h6>
`;
