// Jest Snapshot v1, https://goo.gl/fbAQLP

exports[`Heading one should render correctly 1`] = `
<h5
  className="heading-five"
>
  abc
</h5>
`;
