// Jest Snapshot v1, https://goo.gl/fbAQLP

exports[`Heading one should render correctly 1`] = `
<h3
  className="heading-three"
>
  abc
</h3>
`;
