// Jest Snapshot v1, https://goo.gl/fbAQLP

exports[`Heading one should render correctly 1`] = `
<a
  className="link"
>
  abc
</a>
`;
