// Jest Snapshot v1, https://goo.gl/fbAQLP

exports[`Paragraph component renders correctly 1`] = `
<p
  className="paragraph"
>
  abc
</p>
`;
