// Jest Snapshot v1, https://goo.gl/fbAQLP

exports[`Heading one should render correctly 1`] = `
<h2
  className="heading-two"
>
  abc
</h2>
`;
